Archive member included to satisfy reference by file (symbol)

/opt/qnx7.0-beta/target/qnx7/aarch64le/usr/lib/libdrvr.a(hwi_find_bus.o)
                              soc.o (hwi_find_bus)
/opt/qnx7.0-beta/target/qnx7/aarch64le/usr/lib/libdrvr.a(hwi_find.o)
                              /opt/qnx7.0-beta/target/qnx7/aarch64le/usr/lib/libdrvr.a(hwi_find_bus.o) (hwi_find)
/opt/qnx7.0-beta/target/qnx7/aarch64le/lib/libcS.a(hwi_next_tag.o)
                              soc.o (hwi_next_tag)

Allocating common symbols
Common symbol       size              file

sdio_ctrl           0xe8              base.o

Memory Configuration

Name             Origin             Length             Attributes
*default*        0x0000000000000000 0xffffffffffffffff

Linker script and memory map

LOAD /opt/qnx7.0-beta/target/qnx7/aarch64le/lib/crt1.o
LOAD /opt/qnx7.0-beta/target/qnx7/aarch64le/lib/crti.o
LOAD /opt/qnx7.0-beta/host/linux/x86_64/usr/lib/gcc/aarch64-unknown-nto-qnx7.0.0/5.4.0//crtbegin.o
LOAD base.o
LOAD bs.o
LOAD card.o
LOAD mmc.o
LOAD pci.o
LOAD rcar.o
LOAD sd.o
LOAD sim_assd.o
LOAD sim_bs.o
LOAD sim_sdmmc.o
LOAD soc.o
LOAD /opt/qnx7.0-beta/target/qnx7/aarch64le/usr/lib/libdrvr.a
LOAD /opt/qnx7.0-beta/target/qnx7/aarch64le/usr/lib/libcache.a
LOAD /opt/qnx7.0-beta/target/qnx7/aarch64le/lib/libpci_api_old.so
LOAD /opt/qnx7.0-beta/target/qnx7/aarch64le/lib/libcam.so
LOAD /opt/qnx7.0-beta/host/linux/x86_64/usr/lib/gcc/aarch64-unknown-nto-qnx7.0.0/5.4.0//libgcc.a
LOAD /opt/qnx7.0-beta/target/qnx7/aarch64le/lib/libc.so
LOAD /opt/qnx7.0-beta/target/qnx7/aarch64le/lib/libcS.a
LOAD /opt/qnx7.0-beta/host/linux/x86_64/usr/lib/gcc/aarch64-unknown-nto-qnx7.0.0/5.4.0//libgcc.a
LOAD /opt/qnx7.0-beta/host/linux/x86_64/usr/lib/gcc/aarch64-unknown-nto-qnx7.0.0/5.4.0//crtend.o
LOAD /opt/qnx7.0-beta/target/qnx7/aarch64le/lib/crtn.o
                [!provide]                        PROVIDE (__executable_start, 0x0)
                0x0000000000000200                . = (0x0 + SIZEOF_HEADERS)

.interp         0x0000000000000200       0x17
 *(.interp)
 .interp        0x0000000000000200       0x17 /opt/qnx7.0-beta/target/qnx7/aarch64le/lib/crt1.o

.note           0x0000000000000217       0x18
 .note          0x0000000000000217       0x18 /opt/qnx7.0-beta/target/qnx7/aarch64le/lib/crtn.o

.note.gnu.build-id
                0x0000000000000230       0x20
 *(.note.gnu.build-id)
 .note.gnu.build-id
                0x0000000000000230       0x20 /opt/qnx7.0-beta/target/qnx7/aarch64le/lib/crt1.o

.hash
 *(.hash)

.gnu.hash       0x0000000000000250       0x4c
 *(.gnu.hash)
 .gnu.hash      0x0000000000000250       0x4c /opt/qnx7.0-beta/target/qnx7/aarch64le/lib/crt1.o

.dynsym         0x00000000000002a0      0xba0
 *(.dynsym)
 .dynsym        0x00000000000002a0      0xba0 /opt/qnx7.0-beta/target/qnx7/aarch64le/lib/crt1.o

.dynstr         0x0000000000000e40      0x6ef
 *(.dynstr)
 .dynstr        0x0000000000000e40      0x6ef /opt/qnx7.0-beta/target/qnx7/aarch64le/lib/crt1.o

.gnu.version    0x0000000000001530        0x0
 *(.gnu.version)
 .gnu.version   0x0000000000001530        0x0 /opt/qnx7.0-beta/target/qnx7/aarch64le/lib/crt1.o

.gnu.version_d  0x0000000000001530        0x0
 *(.gnu.version_d)
 .gnu.version_d
                0x0000000000001530        0x0 /opt/qnx7.0-beta/target/qnx7/aarch64le/lib/crt1.o

.gnu.version_r  0x0000000000001530        0x0
 *(.gnu.version_r)
 .gnu.version_r
                0x0000000000001530        0x0 /opt/qnx7.0-beta/target/qnx7/aarch64le/lib/crt1.o

.rela.dyn       0x0000000000001530      0xdb0
 *(.rela.init)
 *(.rela.text .rela.text.* .rela.gnu.linkonce.t.*)
 *(.rela.fini)
 *(.rela.rodata .rela.rodata.* .rela.gnu.linkonce.r.*)
 *(.rela.data .rela.data.* .rela.gnu.linkonce.d.*)
 .rela.data.rel.ro.local
                0x0000000000001530      0x7c8 /opt/qnx7.0-beta/target/qnx7/aarch64le/lib/crt1.o
 .rela.data.rel.local
                0x0000000000001cf8      0x4c8 /opt/qnx7.0-beta/target/qnx7/aarch64le/lib/crt1.o
 .rela.data     0x00000000000021c0       0x30 /opt/qnx7.0-beta/target/qnx7/aarch64le/lib/crt1.o
 *(.rela.tdata .rela.tdata.* .rela.gnu.linkonce.td.*)
 *(.rela.tbss .rela.tbss.* .rela.gnu.linkonce.tb.*)
 *(.rela.ctors)
 *(.rela.dtors)
 *(.rela.got)
 .rela.got      0x00000000000021f0       0xc0 /opt/qnx7.0-beta/target/qnx7/aarch64le/lib/crt1.o
 *(.rela.bss .rela.bss.* .rela.gnu.linkonce.b.*)
 *(.rela.ifunc)
 .rela.ifunc    0x00000000000022b0        0x0 /opt/qnx7.0-beta/target/qnx7/aarch64le/lib/crt1.o
 .rela.init_array
                0x00000000000022b0       0x18 /opt/qnx7.0-beta/target/qnx7/aarch64le/lib/crt1.o
 .rela.fini_array
                0x00000000000022c8       0x18 /opt/qnx7.0-beta/target/qnx7/aarch64le/lib/crt1.o

.rela.plt       0x00000000000022e0      0xa08
 *(.rela.plt)
 .rela.plt      0x00000000000022e0      0xa08 /opt/qnx7.0-beta/target/qnx7/aarch64le/lib/crt1.o
                [!provide]                        PROVIDE (__rela_iplt_start, .)
 *(.rela.iplt)
                [!provide]                        PROVIDE (__rela_iplt_end, .)

.init
 *(SORT(.init))

.plt            0x0000000000002cf0      0x6d0
 *(.plt)
 .plt           0x0000000000002cf0      0x6d0 /opt/qnx7.0-beta/target/qnx7/aarch64le/lib/crt1.o
 *(.iplt)

.text           0x00000000000033c0    0x10650
 *(.text.unlikely .text.*_unlikely .text.unlikely.*)
 *(.text.exit .text.exit.*)
 *(.text.startup .text.startup.*)
 .text.startup  0x00000000000033c0       0xf8 sim_sdmmc.o
                0x00000000000033c0                main
 *(.text.hot .text.hot.*)
 *(.text .stub .text.* .gnu.linkonce.t.*)
 .text          0x00000000000034b8       0x90 /opt/qnx7.0-beta/target/qnx7/aarch64le/lib/crt1.o
                0x00000000000034b8                _start
 .text          0x0000000000003548        0x0 /opt/qnx7.0-beta/target/qnx7/aarch64le/lib/crti.o
 .text          0x0000000000003548      0x118 /opt/qnx7.0-beta/host/linux/x86_64/usr/lib/gcc/aarch64-unknown-nto-qnx7.0.0/5.4.0//crtbegin.o
 .text          0x0000000000003660     0x4638 base.o
                0x0000000000003660                sdio_hc_thread
                0x0000000000003878                sdio_trace_event
                0x0000000000003948                sdio_slogf
                0x0000000000003a60                sdio_dump
                0x0000000000003c50                fls
                0x0000000000003c88                sdio_alloc
                0x0000000000003cb0                sdio_free
                0x0000000000003cb8                sdio_hc_alloc
                0x0000000000003d40                sdio_hc_free
                0x0000000000003da0                sdio_vtop_sg
                0x0000000000003da8                sdio_vtop
                0x0000000000003db0                sdio_module_args
                0x0000000000003e40                sdio_parse_number
                0x0000000000003eb0                sdio_strchr
                0x0000000000003f68                sdio_parse_tuple
                0x0000000000004088                sdio_set_thread_state
                0x00000000000040c0                sdio_create_thread
                0x00000000000041d8                sdio_extract_bits
                0x0000000000004248                sdio_sg_start
                0x0000000000004288                sdio_sg_nxt
                0x0000000000004300                sdio_device_errata
                0x0000000000004410                sdio_reconcile_errata
                0x0000000000004478                sdio_pwr
                0x0000000000004508                sdio_drv_type
                0x0000000000004578                sdio_bus_mode
                0x00000000000045f0                sdio_bus_width
                0x0000000000004650                sdio_clock
                0x00000000000046d0                sdio_timing
                0x0000000000004738                sdio_signal_voltage
                0x00000000000047a0                sdio_select_voltage
                0x0000000000004808                sdio_tune
                0x0000000000004878                sdio_preset
                0x0000000000004890                sdio_power
                0x0000000000004978                sdio_rsp
                0x0000000000004ca8                sdio_erase_timeout
                0x0000000000004cf8                _sdio_reset
                0x0000000000004e18                sdio_retune
                0x0000000000004ec8                sdio_wait_cmd
                0x0000000000004fe8                sdio_issue_cmd
                0x0000000000005130                sdio_cmd_cmplt
                0x00000000000051f8                _sdio_send_cmd
                0x0000000000005348                _sdio_send_status
                0x00000000000053f8                _sdio_wait_card_status
                0x0000000000005548                sdio_send_csd
                0x0000000000005600                sdio_select_card
                0x00000000000056a8                _sdio_pwrmgnt
                0x0000000000005998                _sdio_stop_transmission
                0x0000000000005a38                _sdio_set_block_length
                0x0000000000005ae8                _sdio_set_block_count
                0x0000000000005b70                _sdio_lock_unlock
                0x0000000000005d48                sdio_go_idle
                0x0000000000005db8                sdio_all_send_cid
                0x0000000000005e68                _sdio_bus_error
                0x0000000000005f10                _sdio_attach
                0x0000000000006080                sdio_cd_info
                0x0000000000006418                sdio_event
                0x00000000000064d0                sdio_cd
                0x0000000000006758                sdio_hc_event
                0x0000000000006798                sdio_timer_settime
                0x00000000000067e8                sdio_cd_enum
                0x0000000000006830                sdio_cd_thread
                0x00000000000069a0                sdio_options
                0x0000000000007460                sdio_hc_dinit
                0x00000000000074f8                sdio_hc_lookup
                0x0000000000007638                sdio_hc_init
                0x00000000000077f0                sdio_cd_dinit
                0x0000000000007860                sdio_dinit
                0x0000000000007900                sdio_init
                0x00000000000079c0                _sdio_disconnect
                0x0000000000007a48                _sdio_connect
 .text          0x0000000000007c98      0x568 bs.o
 .text          0x0000000000008200      0xe90 card.o
                0x0000000000008200                _sdio_synchronize
                0x0000000000008308                sdio_device_lookup
                0x0000000000008378                sdio_client_hdl
                0x0000000000008380                sdio_bs_hdl
                0x0000000000008390                sdio_get_cid
                0x00000000000083a0                sdio_get_raw_cid
                0x00000000000083b0                sdio_get_csd
                0x00000000000083c0                sdio_get_raw_csd
                0x00000000000083d0                sdio_get_ecsd
                0x00000000000083e0                sdio_get_raw_ecsd
                0x00000000000083f0                sdio_get_raw_scr
                0x0000000000008400                sdio_verbosity
                0x0000000000008418                sdio_alloc_cmd
                0x00000000000084b0                sdio_free_cmd
                0x0000000000008500                sdio_cmd_status
                0x0000000000008528                sdio_setup_cmd
                0x0000000000008540                sdio_setup_cmd_io
                0x0000000000008568                sdio_send_cmd
                0x00000000000085e8                sdio_stop_transmission
                0x0000000000008640                sdio_set_partition
                0x00000000000086b8                sdio_set_block_count
                0x0000000000008710                sdio_set_block_length
                0x0000000000008768                sdio_sd_switch
                0x00000000000087e8                sdio_mmc_switch
                0x0000000000008870                sdio_send_ext_csd
                0x00000000000088c8                sdio_wait_card_status
                0x0000000000008948                sdio_send_status
                0x00000000000089b0                sdio_hc_info
                0x0000000000008a10                sdio_dev_info
                0x0000000000008b68                sdio_cache
                0x0000000000008bf0                sdio_erase
                0x0000000000008c98                sdio_lock_unlock
                0x0000000000008d20                sdio_bus_error
                0x0000000000008d70                sdio_reset
                0x0000000000008dc8                sdio_idle
                0x0000000000008e10                sdio_pwrmgnt
                0x0000000000008e68                sdio_detach
                0x0000000000008ee0                sdio_attach
                0x0000000000009008                sdio_enum
                0x0000000000009040                sdio_disconnect
                0x0000000000009048                sdio_connect
 .text          0x0000000000009090     0x21b8 mmc.o
                0x0000000000009090                mmc_parse_cid
                0x0000000000009218                mmc_parse_csd
                0x0000000000009570                mmc_parse_ext_csd
                0x0000000000009880                mmc_wp_grp_size
                0x00000000000098c8                mmc_erase_grp_size
                0x00000000000098f8                mmc_switch
                0x00000000000099e0                mmc_set_partition
                0x0000000000009a38                mmc_sleep_awake
                0x0000000000009b00                mmc_cache
                0x0000000000009be0                mmc_erase_timeout
                0x0000000000009cf0                mmc_erase
                0x0000000000009ea8                mmc_send_ext_csd
                0x0000000000009fb0                mmc_set_relative_addr
                0x000000000000a038                mmc_send_op_cond
                0x000000000000a178                mmc_bus_test
                0x000000000000a428                mmc_bus_width
                0x000000000000a500                mmc_init_hs
                0x000000000000a5f8                _mmc_init_hs200
                0x000000000000a778                mmc_init_hs200
                0x000000000000a890                mmc_init_hs400
                0x000000000000ab18                mmc_init_ddr
                0x000000000000ac40                mmc_init_bus
                0x000000000000ae30                mmc_init_device
                0x000000000000b0f8                mmc_bus_error
                0x000000000000b1d0                mmc_ident
 .text          0x000000000000b248        0x0 pci.o
 .text          0x000000000000b248     0x1180 rcar.o
                0x000000000000b2d8                rcar_sdmmc_dinit
                0x000000000000c0c0                rcar_sdmmc_dma_dinit
                0x000000000000c0c8                rcar_sdmmc_init
 .text          0x000000000000c3c8     0x1eb0 sd.o
                0x000000000000c3c8                sd_parse_cid
                0x000000000000c4c0                sd_parse_csd
                0x000000000000c818                sd_parse_scr
                0x000000000000c930                sdio_send_relative_addr
                0x000000000000c9f8                sd_voltage_switch
                0x000000000000ca68                sd_switch
                0x000000000000cc28                sd_app_cmd
                0x000000000000cca8                sd_app_send_scr
                0x000000000000cdb0                sd_app_sd_status
                0x000000000000d028                sd_erase_grp_size
                0x000000000000d050                sd_erase_timeout
                0x000000000000d080                sd_erase
                0x000000000000d1e8                sd_send_if_cond
                0x000000000000d2a0                sd_app_send_op_cond
                0x000000000000d3d0                sd_read_switch
                0x000000000000d4b0                sd_read_status
                0x000000000000d4c8                sd_switch_hs
                0x000000000000d558                sd_app_set_bus_width
                0x000000000000d5e0                sd_set_bus_width
                0x000000000000d698                sd_set_drv_type
                0x000000000000d7c8                sd_set_bus_speed_mode
                0x000000000000d8c0                sd_set_current_limit
                0x000000000000d998                sd_init_assd
                0x000000000000da70                sd_select_bus_mode
                0x000000000000dab8                sd_init_uhs
                0x000000000000dbe0                sd_init_bus
                0x000000000000dcd0                sd_capabilities
                0x000000000000dd68                sd_lock_unlock
                0x000000000000de10                sd_unlock
                0x000000000000de90                sd_init_device
                0x000000000000e138                sd_bus_error
                0x000000000000e200                sd_ident
 .text          0x000000000000e278      0xad0 sim_assd.o
                0x000000000000e6c8                sdmmc_assd_control_devctl
                0x000000000000e7b0                sdmmc_assd_status_devctl
                0x000000000000e820                sdmmc_assd_properties_devctl
                0x000000000000e8a8                sdmmc_assd_apdu_devctl
                0x000000000000ed10                sdmmc_assd_init
 .text          0x000000000000ed48       0x70 sim_bs.o
                0x000000000000ed48                sim_bs_args
 .text          0x000000000000edb8     0x46d8 sim_sdmmc.o
                0x000000000000edb8                sdmmc_sim_init
                0x000000000000ee18                sdmmc_alloc_hba
                0x000000000000eeb8                sdmmc_sim_args
                0x000000000000f2b8                sdmmc_free_hba
                0x000000000000f330                sdmmc_partition_enum
                0x000000000000f4d0                sdmmc_partition_config
                0x000000000000f590                sdmmc_reg
                0x000000000000f6d0                sdmmc_sdio_event
                0x000000000000f758                sdmmc_post_ccb
                0x000000000000f7f8                sdmmc_sense
                0x000000000000f818                sdmmc_error
                0x000000000000f958                sdmmc_unit_ready
                0x000000000000fa10                sdmmc_mpage_rw_err
                0x000000000000faa8                sdmmc_mpage_caching
                0x000000000000fbb0                sdmmc_mode_select
                0x000000000000fbd0                sdmmc_mode_sense
                0x000000000000fc60                sdmmc_evpd_inquiry
                0x000000000000fdb0                sdmmc_std_inquiry
                0x000000000000ff00                sdmmc_inquiry
                0x000000000000ff18                sdmmc_spindle
                0x000000000000ff70                sdmmc_capacity
                0x0000000000010000                sdmmc_write_same
                0x0000000000010350                sdmmc_erase12
                0x00000000000105b8                sdmmc_sync
                0x0000000000010650                sdmmc_timer_settime
                0x00000000000106c8                sdmmc_pm
                0x0000000000010800                sdmmc_pwroff_notify
                0x00000000000108d8                sdmmc_detach
                0x0000000000010988                sdmmc_sdio_removal
                0x0000000000010a30                sdmmc_sim_detach
                0x0000000000010aa8                sdmmc_bkops_cfg
                0x0000000000010b30                sdmmc_attach
                0x0000000000010cb8                sdmmc_sdio_insertion
                0x0000000000010d58                sdmmc_sim_attach
                0x0000000000010f00                sdmmc_bkops
                0x0000000000011048                sdmmc_write_protect
                0x0000000000011440                sdmmc_set_partition_attr
                0x00000000000114b8                sdmmc_reset
                0x0000000000011580                sdmmc_rw
                0x0000000000011998                sdmmc_read_write
                0x0000000000011c30                sdmmc_dsn_devctl
                0x0000000000011cc0                sdmmc_wp_devctl
                0x0000000000011e48                sdmmc_erase_devctl
                0x0000000000012178                sdmmc_lock_unlock_devctl
                0x0000000000012230                sdmmc_card_register_devctl
                0x0000000000012430                sdmmc_verbosity_devctl
                0x0000000000012490                sdmmc_dsm
                0x00000000000125d0                sdmmc_dsm_devctl
                0x00000000000126c0                sdmmc_part_info_devctl
                0x0000000000012868                sdmmc_pwr_mgnt_devctl
                0x0000000000012960                sdmmc_devctl
                0x0000000000012b58                sdmmc_scsi_io
                0x0000000000012d48                sdmmc_start_ccb
                0x0000000000012e28                sdmmc_timer
                0x0000000000012ed8                sdmmc_driver_thread
                0x0000000000013168                sdmmc_reset_bus
                0x00000000000131b0                sdmmc_reset_dev
                0x00000000000131f8                sdmmc_rel_simq
                0x0000000000013238                sdmmc_term_io
                0x0000000000013240                sdmmc_path_inq
                0x0000000000013318                sdmmc_sim_action
 .text          0x0000000000013490      0x3c8 soc.o
                0x0000000000013490                sdio_soc_hwi
                0x00000000000134a0                sdio_soc_config
                0x00000000000136d8                sdio_soc_scan
                0x00000000000137c8                sdio_soc_device
 .text          0x0000000000013858       0x58 /opt/qnx7.0-beta/target/qnx7/aarch64le/usr/lib/libdrvr.a(hwi_find_bus.o)
                0x0000000000013858                hwi_find_bus
 .text          0x00000000000138b0       0xf0 /opt/qnx7.0-beta/target/qnx7/aarch64le/usr/lib/libdrvr.a(hwi_find.o)
                0x00000000000138b0                hwi_find
 .text          0x00000000000139a0       0x70 /opt/qnx7.0-beta/target/qnx7/aarch64le/lib/libcS.a(hwi_next_tag.o)
                0x00000000000139a0                hwi_next_tag
 .text          0x0000000000013a10        0x0 /opt/qnx7.0-beta/host/linux/x86_64/usr/lib/gcc/aarch64-unknown-nto-qnx7.0.0/5.4.0//crtend.o
 .text          0x0000000000013a10        0x0 /opt/qnx7.0-beta/target/qnx7/aarch64le/lib/crtn.o
 *(.gnu.warning)

.fini
 *(SORT(.fini))
                [!provide]                        PROVIDE (__etext, .)
                [!provide]                        PROVIDE (_etext, .)
                [!provide]                        PROVIDE (etext, .)

.rodata         0x0000000000013a10     0x1d50
 *(.rodata .rodata.* .gnu.linkonce.r.*)
 .rodata        0x0000000000013a10      0x260 base.o
                0x0000000000013bb0                sdio_tbp_8bit
                0x0000000000013c30                sdio_tbp_4bit
 .rodata.str1.8
                0x0000000000013c70      0xb34 base.o
                                        0xb48 (size before relaxing)
 *fill*         0x00000000000147a4        0x4 
 .rodata        0x00000000000147a8       0x58 bs.o
 .rodata.str1.8
                0x0000000000014800       0x9a bs.o
                                         0xa0 (size before relaxing)
 *fill*         0x000000000001489a        0x6 
 .rodata        0x00000000000148a0      0x140 mmc.o
                0x00000000000148b0                mmc_tran_speed_mf
                0x00000000000148f0                mmc_tran_speed_fu
                0x0000000000014980                mmc_tacc_mf
                0x00000000000149c0                mmc_tacc_tu
 .rodata.str1.8
                0x00000000000149e0      0x24f mmc.o
                                        0x250 (size before relaxing)
 *fill*         0x0000000000014c2f        0x1 
 .rodata        0x0000000000014c30       0xa0 rcar.o
 .rodata.str1.8
                0x0000000000014cd0      0x189 rcar.o
                                        0x190 (size before relaxing)
 *fill*         0x0000000000014e59        0x7 
 .rodata        0x0000000000014e60      0x1b0 sd.o
                0x0000000000014e60                sd_tran_speed_mf
                0x0000000000014ea0                sd_tran_speed_fu
                0x0000000000014fb0                sd_tacc_mf
                0x0000000000014ff0                sd_tacc_tu
 .rodata.str1.8
                0x0000000000015010      0x15c sd.o
                                        0x160 (size before relaxing)
 *fill*         0x000000000001516c        0x4 
 .rodata        0x0000000000015170       0x10 sim_assd.o
 .rodata.str1.8
                0x0000000000015180       0x39 sim_assd.o
                                         0x40 (size before relaxing)
 *fill*         0x00000000000151b9        0x7 
 .rodata        0x00000000000151c0      0x158 sim_sdmmc.o
 .rodata.str1.8
                0x0000000000015318      0x3be sim_sdmmc.o
                                        0x400 (size before relaxing)
 *fill*         0x00000000000156d6        0x2 
 .rodata        0x00000000000156d8       0x10 soc.o
 .rodata.str1.8
                0x00000000000156e8       0x61 soc.o
                                         0x80 (size before relaxing)
 *fill*         0x0000000000015749        0x7 
 .rodata.str1.8
                0x0000000000015750        0x4 /opt/qnx7.0-beta/target/qnx7/aarch64le/usr/lib/libdrvr.a(hwi_find_bus.o)
                                          0x8 (size before relaxing)
 *fill*         0x0000000000015754        0x4 
 .rodata.str1.8
                0x0000000000015758        0x8 /opt/qnx7.0-beta/target/qnx7/aarch64le/usr/lib/libdrvr.a(hwi_find.o)

.rodata1
 *(.rodata1)

.eh_frame_hdr   0x0000000000015760        0x0
 *(.eh_frame_hdr)
 .eh_frame_hdr  0x0000000000015760        0x0 /opt/qnx7.0-beta/target/qnx7/aarch64le/lib/crtn.o

.eh_frame       0x0000000000015760        0x4
 *(.eh_frame)
 .eh_frame      0x0000000000015760        0x0 /opt/qnx7.0-beta/host/linux/x86_64/usr/lib/gcc/aarch64-unknown-nto-qnx7.0.0/5.4.0//crtbegin.o
 .eh_frame      0x0000000000015760        0x4 /opt/qnx7.0-beta/host/linux/x86_64/usr/lib/gcc/aarch64-unknown-nto-qnx7.0.0/5.4.0//crtend.o

.gcc_except_table
 *(.gcc_except_table .gcc_except_table.*)

.exception_ranges
 *(.exception_ranges .exception_ranges*)
                0x0000000000015764                . = (ALIGN (0x10000) - ((0x10000 - .) & 0xffff))
                0x0000000000025b68                . = DATA_SEGMENT_ALIGN (0x10000, 0x1000)

.eh_frame
 *(.eh_frame)

.gcc_except_table
 *(.gcc_except_table .gcc_except_table.*)

.exception_ranges
 *(.exception_ranges .exception_ranges*)

.tdata
 *(.tdata .tdata.* .gnu.linkonce.td.*)

.tbss
 *(.tbss .tbss.* .gnu.linkonce.tb.*)
 *(.tcommon)

.preinit_array  0x0000000000025b68        0x0
                0x0000000000025b68                PROVIDE (__preinit_array_start, .)
 *(.preinit_array)
                0x0000000000025b68                PROVIDE (__preinit_array_end, .)

.init_array     0x0000000000025b68        0x8
                0x0000000000025b68                PROVIDE (__init_array_start, .)
 *(SORT(.init_array.*))
 *(.init_array)
 .init_array    0x0000000000025b68        0x8 /opt/qnx7.0-beta/host/linux/x86_64/usr/lib/gcc/aarch64-unknown-nto-qnx7.0.0/5.4.0//crtbegin.o
                0x0000000000025b70                PROVIDE (__init_array_end, .)

.fini_array     0x0000000000025b70        0x8
                0x0000000000025b70                PROVIDE (__fini_array_start, .)
 *(SORT(.fini_array.*))
 *(.fini_array)
 .fini_array    0x0000000000025b70        0x8 /opt/qnx7.0-beta/host/linux/x86_64/usr/lib/gcc/aarch64-unknown-nto-qnx7.0.0/5.4.0//crtbegin.o
                0x0000000000025b78                PROVIDE (__fini_array_end, .)

.ctors
 *crtbegin.o(.ctors)
 *crtbegin?.o(.ctors)
 *(EXCLUDE_FILE(*crtend?.o *crtend.o) .ctors)
 *(SORT(.ctors.*))
 *(.ctors)

.dtors
 *crtbegin.o(.dtors)
 *crtbegin?.o(.dtors)
 *(EXCLUDE_FILE(*crtend?.o *crtend.o) .dtors)
 *(SORT(.dtors.*))
 *(.dtors)

.jcr            0x0000000000025b78        0x8
 *(.jcr)
 .jcr           0x0000000000025b78        0x0 /opt/qnx7.0-beta/host/linux/x86_64/usr/lib/gcc/aarch64-unknown-nto-qnx7.0.0/5.4.0//crtbegin.o
 .jcr           0x0000000000025b78        0x8 /opt/qnx7.0-beta/host/linux/x86_64/usr/lib/gcc/aarch64-unknown-nto-qnx7.0.0/5.4.0//crtend.o

.data.rel.ro    0x0000000000025b80      0x298
 *(.data.rel.ro.local* .gnu.linkonce.d.rel.ro.local.*)
 .data.rel.ro.local
                0x0000000000025b80      0x278 base.o
 .data.rel.ro.local
                0x0000000000025df8       0x20 sim_sdmmc.o
                0x0000000000025df8                sim_module
 *(.data.rel.ro .data.rel.ro.* .gnu.linkonce.d.rel.ro.*)

.dynamic        0x0000000000025e18      0x1a0
 *(.dynamic)
 .dynamic       0x0000000000025e18      0x1a0 /opt/qnx7.0-beta/target/qnx7/aarch64le/lib/crt1.o
                0x0000000000025e18                _DYNAMIC

.got            0x0000000000025fb8       0x48
 *(.got)
 .got           0x0000000000025fb8       0x48 /opt/qnx7.0-beta/target/qnx7/aarch64le/lib/crt1.o
                0x0000000000025fb8                _GLOBAL_OFFSET_TABLE_
 *(.igot)
                0x0000000000026fe8                . = DATA_SEGMENT_RELRO_END (., (SIZEOF (.got.plt) >= 0x18)?0x18:0x0)

.got.plt        0x0000000000026000      0x370
 *(.got.plt)
 .got.plt       0x0000000000026000      0x370 /opt/qnx7.0-beta/target/qnx7/aarch64le/lib/crt1.o
 *(.igot.plt)

.data           0x0000000000026370      0x368
                [!provide]                        PROVIDE (__data_start, .)
 *(.data .data.* .gnu.linkonce.d.*)
 .data          0x0000000000026370        0x0 /opt/qnx7.0-beta/target/qnx7/aarch64le/lib/crt1.o
 .data          0x0000000000026370        0x0 /opt/qnx7.0-beta/target/qnx7/aarch64le/lib/crti.o
 .data          0x0000000000026370        0x8 /opt/qnx7.0-beta/host/linux/x86_64/usr/lib/gcc/aarch64-unknown-nto-qnx7.0.0/5.4.0//crtbegin.o
                0x0000000000026370                __dso_handle
 .data          0x0000000000026378        0x0 base.o
 .data.rel.local
                0x0000000000026378       0x98 base.o
 .data          0x0000000000026410        0x0 bs.o
 .data.rel.local
                0x0000000000026410       0x50 bs.o
                0x0000000000026410                sdio_vendors
                0x0000000000026440                sdio_fs_products
 .data          0x0000000000026460        0x0 card.o
 .data          0x0000000000026460       0x10 mmc.o
 .data.rel.local
                0x0000000000026470      0x118 mmc.o
                0x0000000000026470                mmc_errata
 .data          0x0000000000026588        0x0 pci.o
 .data          0x0000000000026588        0x0 rcar.o
 .data.rel.local
                0x0000000000026588       0x88 rcar.o
 .data          0x0000000000026610        0x0 sd.o
 .data.rel.local
                0x0000000000026610       0x50 sd.o
                0x0000000000026610                sd_errata
 .data          0x0000000000026660        0x0 sim_assd.o
 .data          0x0000000000026660        0x0 sim_bs.o
 .data          0x0000000000026660       0x20 sim_sdmmc.o
 .data.rel.local
                0x0000000000026680       0x58 sim_sdmmc.o
                0x00000000000266c8                sdmmc_sim_entry
 .data          0x00000000000266d8        0x0 soc.o
 .data          0x00000000000266d8        0x0 /opt/qnx7.0-beta/target/qnx7/aarch64le/usr/lib/libdrvr.a(hwi_find_bus.o)
 .data          0x00000000000266d8        0x0 /opt/qnx7.0-beta/target/qnx7/aarch64le/usr/lib/libdrvr.a(hwi_find.o)
 .data          0x00000000000266d8        0x0 /opt/qnx7.0-beta/target/qnx7/aarch64le/lib/libcS.a(hwi_next_tag.o)
 .data          0x00000000000266d8        0x0 /opt/qnx7.0-beta/host/linux/x86_64/usr/lib/gcc/aarch64-unknown-nto-qnx7.0.0/5.4.0//crtend.o
 .data          0x00000000000266d8        0x0 /opt/qnx7.0-beta/target/qnx7/aarch64le/lib/crtn.o

.tm_clone_table
                0x00000000000266d8        0x0
 .tm_clone_table
                0x00000000000266d8        0x0 /opt/qnx7.0-beta/host/linux/x86_64/usr/lib/gcc/aarch64-unknown-nto-qnx7.0.0/5.4.0//crtbegin.o
 .tm_clone_table
                0x00000000000266d8        0x0 /opt/qnx7.0-beta/host/linux/x86_64/usr/lib/gcc/aarch64-unknown-nto-qnx7.0.0/5.4.0//crtend.o

.data1
 *(.data1)
                0x00000000000266d8                _edata = .
                [!provide]                        PROVIDE (edata, .)
                0x00000000000266d8                . = .
                0x00000000000266d8                __bss_start = .
                0x00000000000266d8                __bss_start__ = .

.bss            0x00000000000266d8      0x160
 *(.dynbss)
 .dynbss        0x00000000000266d8        0x0 /opt/qnx7.0-beta/target/qnx7/aarch64le/lib/crt1.o
 *(.bss .bss.* .gnu.linkonce.b.*)
 .bss           0x00000000000266d8        0x0 /opt/qnx7.0-beta/target/qnx7/aarch64le/lib/crt1.o
 .bss           0x00000000000266d8        0x0 /opt/qnx7.0-beta/target/qnx7/aarch64le/lib/crti.o
 .bss           0x00000000000266d8       0x38 /opt/qnx7.0-beta/host/linux/x86_64/usr/lib/gcc/aarch64-unknown-nto-qnx7.0.0/5.4.0//crtbegin.o
 .bss           0x0000000000026710        0x0 base.o
 .bss           0x0000000000026710        0x0 bs.o
 .bss           0x0000000000026710        0x0 card.o
 .bss           0x0000000000026710        0x0 mmc.o
 .bss           0x0000000000026710        0x0 pci.o
 .bss           0x0000000000026710        0x0 rcar.o
 .bss           0x0000000000026710        0x0 sd.o
 .bss           0x0000000000026710        0x0 sim_assd.o
 .bss           0x0000000000026710        0x8 sim_bs.o
 .bss           0x0000000000026718       0x38 sim_sdmmc.o
                0x0000000000026718                sdmmc_ctrl
 .bss           0x0000000000026750        0x0 soc.o
 .bss           0x0000000000026750        0x0 /opt/qnx7.0-beta/target/qnx7/aarch64le/usr/lib/libdrvr.a(hwi_find_bus.o)
 .bss           0x0000000000026750        0x0 /opt/qnx7.0-beta/target/qnx7/aarch64le/usr/lib/libdrvr.a(hwi_find.o)
 .bss           0x0000000000026750        0x0 /opt/qnx7.0-beta/target/qnx7/aarch64le/lib/libcS.a(hwi_next_tag.o)
 .bss           0x0000000000026750        0x0 /opt/qnx7.0-beta/host/linux/x86_64/usr/lib/gcc/aarch64-unknown-nto-qnx7.0.0/5.4.0//crtend.o
 .bss           0x0000000000026750        0x0 /opt/qnx7.0-beta/target/qnx7/aarch64le/lib/crtn.o
 *(COMMON)
 COMMON         0x0000000000026750       0xe8 base.o
                0x0000000000026750                sdio_ctrl
                0x0000000000026838                . = ALIGN ((. != 0x0)?0x8:0x1)
                0x0000000000026838                _bss_end__ = .
                0x0000000000026838                __bss_end__ = .
                0x0000000000026838                . = ALIGN (0x8)
                0x0000000000026838                . = SEGMENT_START ("ldata-segment", .)
                0x0000000000026838                . = ALIGN (0x8)
                0x0000000000026838                __end__ = .
                0x0000000000026838                _end = .
                [!provide]                        PROVIDE (end, .)
                0x0000000000026838                . = DATA_SEGMENT_END (.)

.stab
 *(.stab)

.stabstr
 *(.stabstr)

.stab.excl
 *(.stab.excl)

.stab.exclstr
 *(.stab.exclstr)

.stab.index
 *(.stab.index)

.stab.indexstr
 *(.stab.indexstr)

.comment        0x0000000000000000       0x1f
 *(.comment)
 .comment       0x0000000000000000       0x1f /opt/qnx7.0-beta/host/linux/x86_64/usr/lib/gcc/aarch64-unknown-nto-qnx7.0.0/5.4.0//crtbegin.o
                                         0x20 (size before relaxing)
 .comment       0x000000000000001f       0x20 base.o
 .comment       0x000000000000001f       0x20 bs.o
 .comment       0x000000000000001f       0x20 card.o
 .comment       0x000000000000001f       0x20 mmc.o
 .comment       0x000000000000001f       0x20 pci.o
 .comment       0x000000000000001f       0x20 rcar.o
 .comment       0x000000000000001f       0x20 sd.o
 .comment       0x000000000000001f       0x20 sim_assd.o
 .comment       0x000000000000001f       0x20 sim_bs.o
 .comment       0x000000000000001f       0x20 sim_sdmmc.o
 .comment       0x000000000000001f       0x20 soc.o
 .comment       0x000000000000001f       0x20 /opt/qnx7.0-beta/target/qnx7/aarch64le/usr/lib/libdrvr.a(hwi_find_bus.o)
 .comment       0x000000000000001f       0x20 /opt/qnx7.0-beta/target/qnx7/aarch64le/usr/lib/libdrvr.a(hwi_find.o)
 .comment       0x000000000000001f       0x20 /opt/qnx7.0-beta/target/qnx7/aarch64le/lib/libcS.a(hwi_next_tag.o)
 .comment       0x000000000000001f       0x20 /opt/qnx7.0-beta/host/linux/x86_64/usr/lib/gcc/aarch64-unknown-nto-qnx7.0.0/5.4.0//crtend.o

.ident          0x0000000000000000      0x7d2
 .ident         0x0000000000000000      0x6b6 /opt/qnx7.0-beta/target/qnx7/aarch64le/usr/lib/libdrvr.a(hwi_find_bus.o)
                                        0x8bb (size before relaxing)
 .ident         0x00000000000006b6       0x5e /opt/qnx7.0-beta/target/qnx7/aarch64le/usr/lib/libdrvr.a(hwi_find.o)
                                        0x69a (size before relaxing)
 .ident         0x0000000000000714       0xbe /opt/qnx7.0-beta/target/qnx7/aarch64le/lib/libcS.a(hwi_next_tag.o)
                                        0x579 (size before relaxing)

.debug
 *(.debug)

.line
 *(.line)

.debug_srcinfo
 *(.debug_srcinfo)

.debug_sfnames
 *(.debug_sfnames)

.debug_aranges  0x0000000000000000       0x90
 *(.debug_aranges)
 .debug_aranges
                0x0000000000000000       0x30 /opt/qnx7.0-beta/target/qnx7/aarch64le/usr/lib/libdrvr.a(hwi_find_bus.o)
 .debug_aranges
                0x0000000000000030       0x30 /opt/qnx7.0-beta/target/qnx7/aarch64le/usr/lib/libdrvr.a(hwi_find.o)
 .debug_aranges
                0x0000000000000060       0x30 /opt/qnx7.0-beta/target/qnx7/aarch64le/lib/libcS.a(hwi_next_tag.o)

.debug_pubnames
 *(.debug_pubnames)

.debug_info     0x0000000000000000     0x19c0
 *(.debug_info .gnu.linkonce.wi.*)
 .debug_info    0x0000000000000000      0x87a /opt/qnx7.0-beta/target/qnx7/aarch64le/usr/lib/libdrvr.a(hwi_find_bus.o)
 .debug_info    0x000000000000087a      0x923 /opt/qnx7.0-beta/target/qnx7/aarch64le/usr/lib/libdrvr.a(hwi_find.o)
 .debug_info    0x000000000000119d      0x823 /opt/qnx7.0-beta/target/qnx7/aarch64le/lib/libcS.a(hwi_next_tag.o)

.debug_abbrev   0x0000000000000000      0x4ee
 *(.debug_abbrev)
 .debug_abbrev  0x0000000000000000      0x18c /opt/qnx7.0-beta/target/qnx7/aarch64le/usr/lib/libdrvr.a(hwi_find_bus.o)
 .debug_abbrev  0x000000000000018c      0x1f5 /opt/qnx7.0-beta/target/qnx7/aarch64le/usr/lib/libdrvr.a(hwi_find.o)
 .debug_abbrev  0x0000000000000381      0x16d /opt/qnx7.0-beta/target/qnx7/aarch64le/lib/libcS.a(hwi_next_tag.o)

.debug_line     0x0000000000000000      0x466
 *(.debug_line .debug_line.* .debug_line_end)
 .debug_line    0x0000000000000000      0x1bb /opt/qnx7.0-beta/target/qnx7/aarch64le/usr/lib/libdrvr.a(hwi_find_bus.o)
 .debug_line    0x00000000000001bb      0x185 /opt/qnx7.0-beta/target/qnx7/aarch64le/usr/lib/libdrvr.a(hwi_find.o)
 .debug_line    0x0000000000000340      0x126 /opt/qnx7.0-beta/target/qnx7/aarch64le/lib/libcS.a(hwi_next_tag.o)

.debug_frame    0x0000000000000000       0xd8
 *(.debug_frame)
 .debug_frame   0x0000000000000000       0x40 /opt/qnx7.0-beta/target/qnx7/aarch64le/usr/lib/libdrvr.a(hwi_find_bus.o)
 .debug_frame   0x0000000000000040       0x50 /opt/qnx7.0-beta/target/qnx7/aarch64le/usr/lib/libdrvr.a(hwi_find.o)
 .debug_frame   0x0000000000000090       0x48 /opt/qnx7.0-beta/target/qnx7/aarch64le/lib/libcS.a(hwi_next_tag.o)

.debug_str      0x0000000000000000      0x5b6
 *(.debug_str)
 .debug_str     0x0000000000000000      0x43a /opt/qnx7.0-beta/target/qnx7/aarch64le/usr/lib/libdrvr.a(hwi_find_bus.o)
                                        0x548 (size before relaxing)
 .debug_str     0x000000000000043a       0x73 /opt/qnx7.0-beta/target/qnx7/aarch64le/usr/lib/libdrvr.a(hwi_find.o)
                                        0x56d (size before relaxing)
 .debug_str     0x00000000000004ad      0x109 /opt/qnx7.0-beta/target/qnx7/aarch64le/lib/libcS.a(hwi_next_tag.o)
                                        0x56e (size before relaxing)

.debug_loc      0x0000000000000000      0x51a
 *(.debug_loc)
 .debug_loc     0x0000000000000000      0x107 /opt/qnx7.0-beta/target/qnx7/aarch64le/usr/lib/libdrvr.a(hwi_find_bus.o)
 .debug_loc     0x0000000000000107      0x2ff /opt/qnx7.0-beta/target/qnx7/aarch64le/usr/lib/libdrvr.a(hwi_find.o)
 .debug_loc     0x0000000000000406      0x114 /opt/qnx7.0-beta/target/qnx7/aarch64le/lib/libcS.a(hwi_next_tag.o)

.debug_macinfo
 *(.debug_macinfo)

.debug_weaknames
 *(.debug_weaknames)

.debug_funcnames
 *(.debug_funcnames)

.debug_typenames
 *(.debug_typenames)

.debug_varnames
 *(.debug_varnames)

.debug_pubtypes
 *(.debug_pubtypes)

.debug_ranges   0x0000000000000000       0x30
 *(.debug_ranges)
 .debug_ranges  0x0000000000000000       0x30 /opt/qnx7.0-beta/target/qnx7/aarch64le/usr/lib/libdrvr.a(hwi_find.o)

.debug_macro
 *(.debug_macro)

.ARM.attributes
 *(.ARM.attributes)
 *(.gnu.attributes)

.note.gnu.arm.ident
 *(.note.gnu.arm.ident)

/DISCARD/
 *(.note.GNU-stack)
 *(.gnu_debuglink)
 *(.gnu.lto_*)
OUTPUT(/home/local/INI/doi.nguyen/Desktop/R-CarM3/src/hardware/devb/sdmmc/aarch64/rcar_sdhi-starterkit.le/devb-sdmmc-rcar_sdhi-starterkit elf64-littleaarch64)
